------------------------------------------------------------
Timing Analyzer Summary
------------------------------------------------------------

Type  : Slow 1100mV 85C Model Setup 'clk'
Slack : 95.417
TNS   : 0.000

Type  : Slow 1100mV 85C Model Hold 'clk'
Slack : 0.462
TNS   : 0.000

Type  : Slow 1100mV 85C Model Minimum Pulse Width 'clk'
Slack : 49.392
TNS   : 0.000

Type  : Slow 1100mV 0C Model Setup 'clk'
Slack : 95.347
TNS   : 0.000

Type  : Slow 1100mV 0C Model Hold 'clk'
Slack : 0.456
TNS   : 0.000

Type  : Slow 1100mV 0C Model Minimum Pulse Width 'clk'
Slack : 49.318
TNS   : 0.000

Type  : Fast 1100mV 85C Model Setup 'clk'
Slack : 97.230
TNS   : 0.000

Type  : Fast 1100mV 85C Model Hold 'clk'
Slack : 0.249
TNS   : 0.000

Type  : Fast 1100mV 85C Model Minimum Pulse Width 'clk'
Slack : 49.422
TNS   : 0.000

Type  : Fast 1100mV 0C Model Setup 'clk'
Slack : 97.428
TNS   : 0.000

Type  : Fast 1100mV 0C Model Hold 'clk'
Slack : 0.234
TNS   : 0.000

Type  : Fast 1100mV 0C Model Minimum Pulse Width 'clk'
Slack : 49.422
TNS   : 0.000

------------------------------------------------------------
